random term:
let y25 = 11.3041957148 in
let y1 = -(y25) in
let y10 = -(y1) in
let y2 = y1 in
let y11 = cos (y2) in
let y12 = (y10 * y11) in
let y13 = y1 in
let y14 = (y12 + y13) in
let y15 = y1 in
let y23 = (y14 + y15) in
let y17 = y1 in
let y16 = 24.8836921073 in
let y4 = cos (y16) in
let y18 = -(y1) in
let y21 = (y17 * y18) in
let y19 = y1 in
let y20 = 44.7346339303 in
let y22 = (y19 * y20) in
let y3 = (y21 - y22) in
let y24 = y1 in
let y32 = (y23 * y24) in
let y29 = 72.8160261546 in
let y8 = 9.57181486262 in
let y27 = y8 in
let y9 = 22.4537625019 in
let y28 = y9 in
let y7 = (y27 * y28) in
let y30 = y7 in
let y6 = (y29 * y30) in
let y5 = 50.3349316631 in
let y26 = (y5 + y5) in
let y31 = cos (y26) in
let y33 = -(y31) in
let y0 = (y32 + y33) in
let y34 = 51.8934272619 in
exp (y34)
end random term


7.
0.753902254343
15.
403.428793493
0.
0.909297426826
0.9092974269
0.753902254344


Term:
sin (y36)
Forward derivative of term:
let y37, dy37 = ⟨y36, dy36⟩ in
⟨sin (y37), (cos (y37) * dy37)⟩
Reduced derivative of term:
⟨sin (y36), (cos (y36) * dy36)⟩


Term:
cos (let y38 = -(83.2397853685) in
37.6061291463)

Anf Term:
let y39 = 83.2397853685 in
let y38 = -(y39) in
let y40 = 37.6061291463 in
cos (y40)

Forward derivative of term:
let y39, dy39 = ⟨83.2397853685, 0.⟩ in
let y38, dy38 = let y41, dy41 = ⟨y39, dy39⟩ in
⟨-(y41), (-1. * dy41)⟩ in
let y40, dy40 = ⟨37.6061291463, 0.⟩ in
let y42, dy42 = ⟨y40, dy40⟩ in
⟨cos (y42), (-(sin (y42)) * dy42)⟩

Reduced derivative of term:
⟨0.995680222719, 0.⟩


variable:
x1
term:
exp (x1)
reverse derivative macro of term:
⟨exp (x1), λy45,y44. (λy43. {y43})[(y45 + (exp (x1) * y44))]⟩
derivative of term:
(λy45,y44. (λy43. {y43})[(y45 + (exp (x1) * y44))])[0., 1.]
fully reduced term:
{y43}


term:
(x1 + x2)
anf term:
(x1 + x2)
reverse derivative macro of term:
⟨(x1 + x2), λy49,y50,y48. (λy46,y47. {y46,y47})[(y49 + (1. * y48)), (y50 + (1. * y48))]⟩
derivative of term:
(λy49,y50,y48. (λy46,y47. {y46,y47})[(y49 + (1. * y48)), (y50 + (1. * y48))])[0., 0., 1.]
fully reduced term:
{y46,y47}


Term:
(let y51 = cos (cos (let y52 = (let y53 = let y54 = let y55 = sin (23.6786132093) in
72.2874253625 in
let y56 = exp (76.2170314041) in
let y57 = y54 in
y56 in
exp (13.3092053218) + let y58 = 67.8037130606 in
let y59 = exp (exp (37.5211272651)) in
y59) in
(y52 + exp ((y52 * y52))))) in
cos (68.0213847407) + cos (let y60 = let y61 = let y62 = (sin (54.8517477058) * 33.1603274554) in
-(35.2761325669) in
let y63 = let y64 = sin ((sin (87.4547737095) + exp (12.2141181326))) in
exp (let y65 = let y66 = y61 in
38.4876689642 in
let y67 = y65 in
-(y67)) in
(y61 + cos (sin (y63))) in
(y60 * y60)))

Anf Term:
let y74 = 23.6786132093 in
let y55 = sin (y74) in
let y54 = 72.2874253625 in
let y73 = 76.2170314041 in
let y56 = exp (y73) in
let y57 = y54 in
let y53 = y56 in
let y72 = 13.3092053218 in
let y77 = exp (y72) in
let y58 = 67.8037130606 in
let y75 = 37.5211272651 in
let y76 = exp (y75) in
let y59 = exp (y76) in
let y78 = y59 in
let y52 = (y77 + y78) in
let y70 = y52 in
let y69 = (y52 * y52) in
let y71 = exp (y69) in
let y79 = (y70 + y71) in
let y80 = cos (y79) in
let y51 = cos (y80) in
let y68 = 68.0213847407 in
let y95 = cos (y68) in
let y91 = 54.8517477058 in
let y92 = sin (y91) in
let y93 = 33.1603274554 in
let y62 = (y92 * y93) in
let y90 = 35.2761325669 in
let y61 = -(y90) in
let y85 = 87.4547737095 in
let y87 = sin (y85) in
let y86 = 12.2141181326 in
let y88 = exp (y86) in
let y89 = (y87 + y88) in
let y64 = sin (y89) in
let y66 = y61 in
let y65 = 38.4876689642 in
let y67 = y65 in
let y84 = -(y67) in
let y63 = exp (y84) in
let y82 = y61 in
let y81 = sin (y63) in
let y83 = cos (y81) in
let y60 = (y82 + y83) in
let y94 = (y60 * y60) in
let y96 = cos (y94) in
(y95 + y96)

Reverse derivative macro of term:
let y1225, dy1225 = let y74, dy74 = ⟨23.6786132093, λy97. (λ. {}){}⟩ in
let y55, dy55 = ⟨sin (y74), λy99,y98. (dy74)[(y99 + (cos (y74) * y98))]⟩ in
let y54, dy54 = ⟨72.2874253625, λy101,y102,y100. (dy55)[y101, y102]⟩ in
let y73, dy73 = ⟨76.2170314041, λy104,y105,y106,y103. (dy54)[y104, y105, y106]⟩ in
let y56, dy56 = ⟨exp (y73), λy108,y109,y110,y111,y107. (dy73)[y108, y109, y110, (y111 + (exp (y73) * y107))]⟩ in
let y57, dy57 = ⟨y54, λy113,y114,y115,y116,y117,y112. (dy56)[y113, y114, (y115 + y112), y116, y117]⟩ in
let y53, dy53 = ⟨y56, λy119,y120,y121,y122,y123,y124,y118. (dy57)[y119, y120, y121, y122, (y123 + y118), y124]⟩ in
let y72, dy72 = ⟨13.3092053218, λy126,y127,y128,y129,y130,y131,y132,y125. (dy53)[y126, y127, y128, y129, y130, y131, y132]⟩ in
let y77, dy77 = ⟨exp (y72), λy134,y135,y136,y137,y138,y139,y140,y141,y133. (dy72)[y134, y135, y136, y137, y138, y139, y140, (y141 + (exp (y72) * y133))]⟩ in
let y58, dy58 = ⟨67.8037130606, λy143,y144,y145,y146,y147,y148,y149,y150,y151,y142. (dy77)[y143, y144, y145, y146, y147, y148, y149, y150, y151]⟩ in
let y75, dy75 = ⟨37.5211272651, λy153,y154,y155,y156,y157,y158,y159,y160,y161,y162,y152. (dy58)[y153, y154, y155, y156, y157, y158, y159, y160, y161, y162]⟩ in
let y76, dy76 = ⟨exp (y75), λy164,y165,y166,y167,y168,y169,y170,y171,y172,y173,y174,y163. (dy75)[y164, y165, y166, y167, y168, y169, y170, y171, y172, y173, (y174 + (exp (y75) * y163))]⟩ in
let y59, dy59 = ⟨exp (y76), λy176,y177,y178,y179,y180,y181,y182,y183,y184,y185,y186,y187,y175. (dy76)[y176, y177, y178, y179, y180, y181, y182, y183, y184, y185, y186, (y187 + (exp (y76) * y175))]⟩ in
let y78, dy78 = ⟨y59, λy189,y190,y191,y192,y193,y194,y195,y196,y197,y198,y199,y200,y201,y188. (dy59)[y189, y190, y191, y192, y193, y194, y195, y196, y197, y198, y199, y200, (y201 + y188)]⟩ in
let y52, dy52 = ⟨(y77 + y78), λy203,y204,y205,y206,y207,y208,y209,y210,y211,y212,y213,y214,y215,y216,y202. (dy78)[y203, y204, y205, y206, y207, y208, y209, y210, (y211 + (1. * y202)), y212, y213, y214, y215, (y216 + (1. * y202))]⟩ in
let y70, dy70 = ⟨y52, λy218,y219,y220,y221,y222,y223,y224,y225,y226,y227,y228,y229,y230,y231,y232,y217. (dy52)[y218, y219, y220, y221, y222, y223, y224, y225, y226, y227, y228, y229, y230, y231, (y232 + y217)]⟩ in
let y69, dy69 = ⟨(y52 * y52), λy234,y235,y236,y237,y238,y239,y240,y241,y242,y243,y244,y245,y246,y247,y248,y249,y233. (dy70)[y234, y235, y236, y237, y238, y239, y240, y241, y242, y243, y244, y245, y246, y247, ((y248 + (y52 * y233)) + (y52 * y233)), y249]⟩ in
let y71, dy71 = ⟨exp (y69), λy251,y252,y253,y254,y255,y256,y257,y258,y259,y260,y261,y262,y263,y264,y265,y266,y267,y250. (dy69)[y251, y252, y253, y254, y255, y256, y257, y258, y259, y260, y261, y262, y263, y264, y265, y266, (y267 + (exp (y69) * y250))]⟩ in
let y79, dy79 = ⟨(y70 + y71), λy269,y270,y271,y272,y273,y274,y275,y276,y277,y278,y279,y280,y281,y282,y283,y284,y285,y286,y268. (dy71)[y269, y270, y271, y272, y273, y274, y275, y276, y277, y278, y279, y280, y281, y282, y283, (y284 + (1. * y268)), y285, (y286 + (1. * y268))]⟩ in
let y80, dy80 = ⟨cos (y79), λy288,y289,y290,y291,y292,y293,y294,y295,y296,y297,y298,y299,y300,y301,y302,y303,y304,y305,y306,y287. (dy79)[y288, y289, y290, y291, y292, y293, y294, y295, y296, y297, y298, y299, y300, y301, y302, y303, y304, y305, (y306 + (-(sin (y79)) * y287))]⟩ in
let y51, dy51 = ⟨cos (y80), λy308,y309,y310,y311,y312,y313,y314,y315,y316,y317,y318,y319,y320,y321,y322,y323,y324,y325,y326,y327,y307. (dy80)[y308, y309, y310, y311, y312, y313, y314, y315, y316, y317, y318, y319, y320, y321, y322, y323, y324, y325, y326, (y327 + (-(sin (y80)) * y307))]⟩ in
let y68, dy68 = ⟨68.0213847407, λy329,y330,y331,y332,y333,y334,y335,y336,y337,y338,y339,y340,y341,y342,y343,y344,y345,y346,y347,y348,y349,y328. (dy51)[y329, y330, y331, y332, y333, y334, y335, y336, y337, y338, y339, y340, y341, y342, y343, y344, y345, y346, y347, y348, y349]⟩ in
let y95, dy95 = ⟨cos (y68), λy351,y352,y353,y354,y355,y356,y357,y358,y359,y360,y361,y362,y363,y364,y365,y366,y367,y368,y369,y370,y371,y372,y350. (dy68)[y351, y352, y353, y354, y355, y356, y357, y358, y359, y360, y361, y362, y363, y364, y365, y366, y367, y368, y369, y370, y371, (y372 + (-(sin (y68)) * y350))]⟩ in
let y91, dy91 = ⟨54.8517477058, λy374,y375,y376,y377,y378,y379,y380,y381,y382,y383,y384,y385,y386,y387,y388,y389,y390,y391,y392,y393,y394,y395,y396,y373. (dy95)[y374, y375, y376, y377, y378, y379, y380, y381, y382, y383, y384, y385, y386, y387, y388, y389, y390, y391, y392, y393, y394, y395, y396]⟩ in
let y92, dy92 = ⟨sin (y91), λy398,y399,y400,y401,y402,y403,y404,y405,y406,y407,y408,y409,y410,y411,y412,y413,y414,y415,y416,y417,y418,y419,y420,y421,y397. (dy91)[y398, y399, y400, y401, y402, y403, y404, y405, y406, y407, y408, y409, y410, y411, y412, y413, y414, y415, y416, y417, y418, y419, y420, (y421 + (cos (y91) * y397))]⟩ in
let y93, dy93 = ⟨33.1603274554, λy423,y424,y425,y426,y427,y428,y429,y430,y431,y432,y433,y434,y435,y436,y437,y438,y439,y440,y441,y442,y443,y444,y445,y446,y447,y422. (dy92)[y423, y424, y425, y426, y427, y428, y429, y430, y431, y432, y433, y434, y435, y436, y437, y438, y439, y440, y441, y442, y443, y444, y445, y446, y447]⟩ in
let y62, dy62 = ⟨(y92 * y93), λy449,y450,y451,y452,y453,y454,y455,y456,y457,y458,y459,y460,y461,y462,y463,y464,y465,y466,y467,y468,y469,y470,y471,y472,y473,y474,y448. (dy93)[y449, y450, y451, y452, y453, y454, y455, y456, y457, y458, y459, y460, y461, y462, y463, y464, y465, y466, y467, y468, y469, y470, y471, y472, (y473 + (y93 * y448)), (y474 + (y92 * y448))]⟩ in
let y90, dy90 = ⟨35.2761325669, λy476,y477,y478,y479,y480,y481,y482,y483,y484,y485,y486,y487,y488,y489,y490,y491,y492,y493,y494,y495,y496,y497,y498,y499,y500,y501,y502,y475. (dy62)[y476, y477, y478, y479, y480, y481, y482, y483, y484, y485, y486, y487, y488, y489, y490, y491, y492, y493, y494, y495, y496, y497, y498, y499, y500, y501, y502]⟩ in
let y61, dy61 = ⟨-(y90), λy504,y505,y506,y507,y508,y509,y510,y511,y512,y513,y514,y515,y516,y517,y518,y519,y520,y521,y522,y523,y524,y525,y526,y527,y528,y529,y530,y531,y503. (dy90)[y504, y505, y506, y507, y508, y509, y510, y511, y512, y513, y514, y515, y516, y517, y518, y519, y520, y521, y522, y523, y524, y525, y526, y527, y528, y529, y530, (y531 + (-1. * y503))]⟩ in
let y85, dy85 = ⟨87.4547737095, λy533,y534,y535,y536,y537,y538,y539,y540,y541,y542,y543,y544,y545,y546,y547,y548,y549,y550,y551,y552,y553,y554,y555,y556,y557,y558,y559,y560,y561,y532. (dy61)[y533, y534, y535, y536, y537, y538, y539, y540, y541, y542, y543, y544, y545, y546, y547, y548, y549, y550, y551, y552, y553, y554, y555, y556, y557, y558, y559, y560, y561]⟩ in
let y87, dy87 = ⟨sin (y85), λy563,y564,y565,y566,y567,y568,y569,y570,y571,y572,y573,y574,y575,y576,y577,y578,y579,y580,y581,y582,y583,y584,y585,y586,y587,y588,y589,y590,y591,y592,y562. (dy85)[y563, y564, y565, y566, y567, y568, y569, y570, y571, y572, y573, y574, y575, y576, y577, y578, y579, y580, y581, y582, y583, y584, y585, y586, y587, y588, y589, y590, y591, (y592 + (cos (y85) * y562))]⟩ in
let y86, dy86 = ⟨12.2141181326, λy594,y595,y596,y597,y598,y599,y600,y601,y602,y603,y604,y605,y606,y607,y608,y609,y610,y611,y612,y613,y614,y615,y616,y617,y618,y619,y620,y621,y622,y623,y624,y593. (dy87)[y594, y595, y596, y597, y598, y599, y600, y601, y602, y603, y604, y605, y606, y607, y608, y609, y610, y611, y612, y613, y614, y615, y616, y617, y618, y619, y620, y621, y622, y623, y624]⟩ in
let y88, dy88 = ⟨exp (y86), λy626,y627,y628,y629,y630,y631,y632,y633,y634,y635,y636,y637,y638,y639,y640,y641,y642,y643,y644,y645,y646,y647,y648,y649,y650,y651,y652,y653,y654,y655,y656,y657,y625. (dy86)[y626, y627, y628, y629, y630, y631, y632, y633, y634, y635, y636, y637, y638, y639, y640, y641, y642, y643, y644, y645, y646, y647, y648, y649, y650, y651, y652, y653, y654, y655, y656, (y657 + (exp (y86) * y625))]⟩ in
let y89, dy89 = ⟨(y87 + y88), λy659,y660,y661,y662,y663,y664,y665,y666,y667,y668,y669,y670,y671,y672,y673,y674,y675,y676,y677,y678,y679,y680,y681,y682,y683,y684,y685,y686,y687,y688,y689,y690,y691,y658. (dy88)[y659, y660, y661, y662, y663, y664, y665, y666, y667, y668, y669, y670, y671, y672, y673, y674, y675, y676, y677, y678, y679, y680, y681, y682, y683, y684, y685, y686, y687, y688, (y689 + (1. * y658)), y690, (y691 + (1. * y658))]⟩ in
let y64, dy64 = ⟨sin (y89), λy693,y694,y695,y696,y697,y698,y699,y700,y701,y702,y703,y704,y705,y706,y707,y708,y709,y710,y711,y712,y713,y714,y715,y716,y717,y718,y719,y720,y721,y722,y723,y724,y725,y726,y692. (dy89)[y693, y694, y695, y696, y697, y698, y699, y700, y701, y702, y703, y704, y705, y706, y707, y708, y709, y710, y711, y712, y713, y714, y715, y716, y717, y718, y719, y720, y721, y722, y723, y724, y725, (y726 + (cos (y89) * y692))]⟩ in
let y66, dy66 = ⟨y61, λy728,y729,y730,y731,y732,y733,y734,y735,y736,y737,y738,y739,y740,y741,y742,y743,y744,y745,y746,y747,y748,y749,y750,y751,y752,y753,y754,y755,y756,y757,y758,y759,y760,y761,y762,y727. (dy64)[y728, y729, y730, y731, y732, y733, y734, y735, y736, y737, y738, y739, y740, y741, y742, y743, y744, y745, y746, y747, y748, y749, y750, y751, y752, y753, y754, y755, (y756 + y727), y757, y758, y759, y760, y761, y762]⟩ in
let y65, dy65 = ⟨38.4876689642, λy764,y765,y766,y767,y768,y769,y770,y771,y772,y773,y774,y775,y776,y777,y778,y779,y780,y781,y782,y783,y784,y785,y786,y787,y788,y789,y790,y791,y792,y793,y794,y795,y796,y797,y798,y799,y763. (dy66)[y764, y765, y766, y767, y768, y769, y770, y771, y772, y773, y774, y775, y776, y777, y778, y779, y780, y781, y782, y783, y784, y785, y786, y787, y788, y789, y790, y791, y792, y793, y794, y795, y796, y797, y798, y799]⟩ in
let y67, dy67 = ⟨y65, λy801,y802,y803,y804,y805,y806,y807,y808,y809,y810,y811,y812,y813,y814,y815,y816,y817,y818,y819,y820,y821,y822,y823,y824,y825,y826,y827,y828,y829,y830,y831,y832,y833,y834,y835,y836,y837,y800. (dy65)[y801, y802, y803, y804, y805, y806, y807, y808, y809, y810, y811, y812, y813, y814, y815, y816, y817, y818, y819, y820, y821, y822, y823, y824, y825, y826, y827, y828, y829, y830, y831, y832, y833, y834, y835, y836, (y837 + y800)]⟩ in
let y84, dy84 = ⟨-(y67), λy839,y840,y841,y842,y843,y844,y845,y846,y847,y848,y849,y850,y851,y852,y853,y854,y855,y856,y857,y858,y859,y860,y861,y862,y863,y864,y865,y866,y867,y868,y869,y870,y871,y872,y873,y874,y875,y876,y838. (dy67)[y839, y840, y841, y842, y843, y844, y845, y846, y847, y848, y849, y850, y851, y852, y853, y854, y855, y856, y857, y858, y859, y860, y861, y862, y863, y864, y865, y866, y867, y868, y869, y870, y871, y872, y873, y874, y875, (y876 + (-1. * y838))]⟩ in
let y63, dy63 = ⟨exp (y84), λy878,y879,y880,y881,y882,y883,y884,y885,y886,y887,y888,y889,y890,y891,y892,y893,y894,y895,y896,y897,y898,y899,y900,y901,y902,y903,y904,y905,y906,y907,y908,y909,y910,y911,y912,y913,y914,y915,y916,y877. (dy84)[y878, y879, y880, y881, y882, y883, y884, y885, y886, y887, y888, y889, y890, y891, y892, y893, y894, y895, y896, y897, y898, y899, y900, y901, y902, y903, y904, y905, y906, y907, y908, y909, y910, y911, y912, y913, y914, y915, (y916 + (exp (y84) * y877))]⟩ in
let y82, dy82 = ⟨y61, λy918,y919,y920,y921,y922,y923,y924,y925,y926,y927,y928,y929,y930,y931,y932,y933,y934,y935,y936,y937,y938,y939,y940,y941,y942,y943,y944,y945,y946,y947,y948,y949,y950,y951,y952,y953,y954,y955,y956,y957,y917. (dy63)[y918, y919, y920, y921, y922, y923, y924, y925, y926, y927, y928, y929, y930, y931, y932, y933, y934, y935, y936, y937, y938, y939, y940, y941, y942, y943, y944, y945, (y946 + y917), y947, y948, y949, y950, y951, y952, y953, y954, y955, y956, y957]⟩ in
let y81, dy81 = ⟨sin (y63), λy959,y960,y961,y962,y963,y964,y965,y966,y967,y968,y969,y970,y971,y972,y973,y974,y975,y976,y977,y978,y979,y980,y981,y982,y983,y984,y985,y986,y987,y988,y989,y990,y991,y992,y993,y994,y995,y996,y997,y998,y999,y958. (dy82)[y959, y960, y961, y962, y963, y964, y965, y966, y967, y968, y969, y970, y971, y972, y973, y974, y975, y976, y977, y978, y979, y980, y981, y982, y983, y984, y985, y986, y987, y988, y989, y990, y991, y992, y993, y994, y995, y996, y997, (y998 + (cos (y63) * y958)), y999]⟩ in
let y83, dy83 = ⟨cos (y81), λy1001,y1002,y1003,y1004,y1005,y1006,y1007,y1008,y1009,y1010,y1011,y1012,y1013,y1014,y1015,y1016,y1017,y1018,y1019,y1020,y1021,y1022,y1023,y1024,y1025,y1026,y1027,y1028,y1029,y1030,y1031,y1032,y1033,y1034,y1035,y1036,y1037,y1038,y1039,y1040,y1041,y1042,y1000. (dy81)[y1001, y1002, y1003, y1004, y1005, y1006, y1007, y1008, y1009, y1010, y1011, y1012, y1013, y1014, y1015, y1016, y1017, y1018, y1019, y1020, y1021, y1022, y1023, y1024, y1025, y1026, y1027, y1028, y1029, y1030, y1031, y1032, y1033, y1034, y1035, y1036, y1037, y1038, y1039, y1040, y1041, (y1042 + (-(sin (y81)) * y1000))]⟩ in
let y60, dy60 = ⟨(y82 + y83), λy1044,y1045,y1046,y1047,y1048,y1049,y1050,y1051,y1052,y1053,y1054,y1055,y1056,y1057,y1058,y1059,y1060,y1061,y1062,y1063,y1064,y1065,y1066,y1067,y1068,y1069,y1070,y1071,y1072,y1073,y1074,y1075,y1076,y1077,y1078,y1079,y1080,y1081,y1082,y1083,y1084,y1085,y1086,y1043. (dy83)[y1044, y1045, y1046, y1047, y1048, y1049, y1050, y1051, y1052, y1053, y1054, y1055, y1056, y1057, y1058, y1059, y1060, y1061, y1062, y1063, y1064, y1065, y1066, y1067, y1068, y1069, y1070, y1071, y1072, y1073, y1074, y1075, y1076, y1077, y1078, y1079, y1080, y1081, y1082, y1083, (y1084 + (1. * y1043)), y1085, (y1086 + (1. * y1043))]⟩ in
let y94, dy94 = ⟨(y60 * y60), λy1088,y1089,y1090,y1091,y1092,y1093,y1094,y1095,y1096,y1097,y1098,y1099,y1100,y1101,y1102,y1103,y1104,y1105,y1106,y1107,y1108,y1109,y1110,y1111,y1112,y1113,y1114,y1115,y1116,y1117,y1118,y1119,y1120,y1121,y1122,y1123,y1124,y1125,y1126,y1127,y1128,y1129,y1130,y1131,y1087. (dy60)[y1088, y1089, y1090, y1091, y1092, y1093, y1094, y1095, y1096, y1097, y1098, y1099, y1100, y1101, y1102, y1103, y1104, y1105, y1106, y1107, y1108, y1109, y1110, y1111, y1112, y1113, y1114, y1115, y1116, y1117, y1118, y1119, y1120, y1121, y1122, y1123, y1124, y1125, y1126, y1127, y1128, y1129, y1130, ((y1131 + (y60 * y1087)) + (y60 * y1087))]⟩ in
let y96, dy96 = ⟨cos (y94), λy1133,y1134,y1135,y1136,y1137,y1138,y1139,y1140,y1141,y1142,y1143,y1144,y1145,y1146,y1147,y1148,y1149,y1150,y1151,y1152,y1153,y1154,y1155,y1156,y1157,y1158,y1159,y1160,y1161,y1162,y1163,y1164,y1165,y1166,y1167,y1168,y1169,y1170,y1171,y1172,y1173,y1174,y1175,y1176,y1177,y1132. (dy94)[y1133, y1134, y1135, y1136, y1137, y1138, y1139, y1140, y1141, y1142, y1143, y1144, y1145, y1146, y1147, y1148, y1149, y1150, y1151, y1152, y1153, y1154, y1155, y1156, y1157, y1158, y1159, y1160, y1161, y1162, y1163, y1164, y1165, y1166, y1167, y1168, y1169, y1170, y1171, y1172, y1173, y1174, y1175, y1176, (y1177 + (-(sin (y94)) * y1132))]⟩ in
⟨(y95 + y96), λy1179,y1180,y1181,y1182,y1183,y1184,y1185,y1186,y1187,y1188,y1189,y1190,y1191,y1192,y1193,y1194,y1195,y1196,y1197,y1198,y1199,y1200,y1201,y1202,y1203,y1204,y1205,y1206,y1207,y1208,y1209,y1210,y1211,y1212,y1213,y1214,y1215,y1216,y1217,y1218,y1219,y1220,y1221,y1222,y1223,y1224,y1178. (dy96)[y1179, y1180, y1181, y1182, y1183, y1184, y1185, y1186, y1187, y1188, y1189, y1190, y1191, y1192, y1193, y1194, y1195, y1196, y1197, y1198, y1199, y1200, (y1201 + (1. * y1178)), y1202, y1203, y1204, y1205, y1206, y1207, y1208, y1209, y1210, y1211, y1212, y1213, y1214, y1215, y1216, y1217, y1218, y1219, y1220, y1221, y1222, y1223, (y1224 + (1. * y1178))]⟩ in
(dy1225)[0., 0., 0., 0., 0., 0., 0., 0., 0., 0., 0., 0., 0., 0., 0., 0., 0., 0., 0., 0., 0., 0., 0., 0., 0., 0., 0., 0., 0., 0., 0., 0., 0., 0., 0., 0., 0., 0., 0., 0., 0., 0., 0., 0., 0., 0., 1.]

Reduced reverse derivative macro of term:
let y1225, dy1225 = ⟨1.45400572817, λy1179,y1180,y1181,y1182,y1183,y1184,y1185,y1186,y1187,y1188,y1189,y1190,y1191,y1192,y1193,y1194,y1195,y1196,y1197,y1198,y1199,y1200,y1201,y1202,y1203,y1204,y1205,y1206,y1207,y1208,y1209,y1210,y1211,y1212,y1213,y1214,y1215,y1216,y1217,y1218,y1219,y1220,y1221,y1222,y1223,y1224,y1178. {}⟩ in
(dy1225)[0., 0., 0., 0., 0., 0., 0., 0., 0., 0., 0., 0., 0., 0., 0., 0., 0., 0., 0., 0., 0., 0., 0., 0., 0., 0., 0., 0., 0., 0., 0., 0., 0., 0., 0., 0., 0., 0., 0., 0., 0., 0., 0., 0., 0., 0., 1.]


Term:
-(cos (3.))

Anf Term:
let y1226 = 3. in
let y1227 = cos (y1226) in
-(y1227)

Reverse derivative macro of term:
let y1226, dy1226 = ⟨3., λy1230,y1229. (λy1228. {y1228})[y1230]⟩ in
let y1227, dy1227 = ⟨cos (y1226), λy1232,y1233,y1231. (dy1226)[y1232, (y1233 + (-(sin (y1226)) * y1231))]⟩ in
⟨-(y1227), λy1235,y1236,y1237,y1234. (dy1227)[y1235, y1236, (y1237 + (-1. * y1234))]⟩

Reduced reverse derivative macro of term:
⟨0.9899924966, λy1235,y1236,y1237,y1234. {y1235}⟩


Term:
((x1 + x2) * (x1 + x2))

Anf Term:
let y1238 = (x1 + x2) in
let y1239 = (x1 + x2) in
(y1238 * y1239)

Reverse derivative macro of term:
let y1254, dy1254 = let y1238, dy1238 = ⟨(x1 + x2), λy1243,y1244,y1242. (λy1240,y1241. {y1240,y1241})[(y1243 + (1. * y1242)), (y1244 + (1. * y1242))]⟩ in
let y1239, dy1239 = ⟨(x1 + x2), λy1246,y1247,y1248,y1245. (dy1238)[(y1246 + (1. * y1245)), (y1247 + (1. * y1245)), y1248]⟩ in
⟨(y1238 * y1239), λy1250,y1251,y1252,y1253,y1249. (dy1239)[y1250, y1251, (y1252 + (y1239 * y1249)), (y1253 + (y1238 * y1249))]⟩ in
(dy1254)[0., 0., 0., 0., 1.]

Reduced reverse derivative macro of term:
let y1238 = (x1 + x2) in
let y1239 = y1238 in
let y1254, dy1254 = ⟨(y1238 * y1239), λy1250,y1251,y1252,y1253,y1249. {y1240,y1241}⟩ in
(dy1254)[0., 0., 0., 0., 1.]


Term:
let z1 = (x2 * (x1 + x2)) in
z1

Weak anf Term:
let z1 = let y1255 = x2 in
let y1256 = (x1 + x2) in
(y1255 * y1256) in
z1

Reverse derivative macro of term:
let y1277, dy1277 = let z1, dz1 = let y1255, dy1255 = ⟨x2, λy1260,y1261,y1259. (λy1257,y1258. {y1257,y1258})[y1260, (y1261 + y1259)]⟩ in
let y1256, dy1256 = ⟨(x1 + x2), λy1263,y1264,y1265,y1262. (dy1255)[(y1263 + (1. * y1262)), (y1264 + (1. * y1262)), y1265]⟩ in
⟨(y1255 * y1256), λy1267,y1268,y1269,y1270,y1266. (dy1256)[y1267, y1268, (y1269 + (y1256 * y1266)), (y1270 + (y1255 * y1266))]⟩ in
⟨z1, λy1272,y1273,y1274,y1275,y1276,y1271. (dz1)[y1272, y1273, y1274, y1275, (y1276 + y1271)]⟩ in
(dy1277)[0., 0., 0., 0., 0., 1.]

Reduced reverse derivative macro of term:
let y1256 = (x1 + x2) in
let z1, dz1 = ⟨(x2 * y1256), λy1267,y1268,y1269,y1270,y1266. {y1260,y1258}⟩ in
let y1277, dy1277 = ⟨z1, λy1272,y1273,y1274,y1275,y1276,y1271. (dz1)[y1272, y1273, y1274, y1275, (y1276 + y1271)]⟩ in
(dy1277)[0., 0., 0., 0., 0., 1.]


Term:
let z1 = x1 in
z1

Weak anf Term:
let z1 = x1 in
z1

Reverse derivative macro of term:
let y1284, dy1284 = let z1, dz1 = ⟨x1, λy1280,y1279. (λy1278. {y1278})[(y1280 + y1279)]⟩ in
⟨z1, λy1282,y1283,y1281. (dz1)[y1282, (y1283 + y1281)]⟩ in
(dy1284)[0., 0., 1.]

Reduced reverse derivative macro of term:
{y1278}

Term:
let z1 = let z2 = x1 in
z2 in
z1

Weak anf Term:
let z1 = let z2 = x1 in
z2 in
z1

Reverse derivative macro of term:
let y1295, dy1295 = let z1, dz1 = let z2, dz2 = ⟨x1, λy1287,y1286. (λy1285. {y1285})[(y1287 + y1286)]⟩ in
⟨z2, λy1289,y1290,y1288. (dz2)[y1289, (y1290 + y1288)]⟩ in
⟨z1, λy1292,y1293,y1294,y1291. (dz1)[y1292, y1293, (y1294 + y1291)]⟩ in
(dy1295)[0., 0., 0., 1.]

Reduced reverse derivative macro of term:
{y1285}


Term:
sin (x1)
Forward derivative of term:
let y1296,dy1296,d2y1296 = {x1,dx1,d2x1} in
{sin (y1296),(cos (y1296) * dy1296),(-((sin (y1296) * dy1296)) + (cos (y1296) * d2y1296))}
Gradient of term:
{{sin (z1),(cos (z1) * 1.),((cos (z1) * 0.) - (sin (z1) * 1.))}}
Reduced derivative of term:
{{sin (z1),cos (z1),-(sin (z1))}}


Term:
((x1 + x2) * (x1 + x2))

Reduced hessian of term:
({(y1298 * y1299),((y1299 * dy1298) + (y1298 * dy1299)),(((d2y1298 * y1299) + (y1298 * d2y1299)) + (2. * (dy1298 * dy1299)))} - (2. * {(y1304 * y1305),((y1305 * dy1304) + (y1304 * dy1305)),(((d2y1304 * y1305) + (y1304 * d2y1305)) + (2. * (dy1304 * dy1305)))}))


