let y43 = let y41 = let y39 = let y36 = let y1 = let y2 = let y16 = let y3 = let y15 = let y13 = 1.44248484286 in
let y14 = let y12 = 84.1760281399 in
exp (y12) in
(y13 + y14) in
-(y15) in
17.8428053714 in
sin (y16) in
let y11 = let y10 = let y9 = 19.3038856589 in
-(y9) in
-(y10) in
-(y11) in
y1 in
let y37 = let y4 = let y5 = let y35 = let y33 = let y26 = let y23 = let y21 = 25.6286607705 in
let y22 = let y19 = let y18 = let y17 = 36.9035377653 in
cos (y17) in
cos (y18) in
let y20 = 97.0665110159 in
(y19 - y20) in
(y21 * y22) in
-(y23) in
let y27 = let y6 = let y24 = 22.9746088746 in
let y25 = let y7 = 63.0559029916 in
y7 in
(y24 * y25) in
79.6642034259 in
(y26 * y27) in
let y34 = let y31 = let y8 = 93.3387346936 in
30.934117304 in
let y32 = let y30 = let y28 = 8.53074307182 in
let y29 = 19.30557821 in
(y28 * y29) in
cos (y30) in
(y31 * y32) in
(y33 + y34) in
exp (y35) in
82.2556575828 in
y4 in
(y36 + y37) in
let y40 = let y38 = 85.7518577936 in
exp (y38) in
(y39 * y40) in
let y42 = 76.4703906509 in
(y41 - y42) in
cos (y43)